Testing with:
Email: sheet-updater@winratemanager.iam.gserviceaccount.com
Sheet ID: 1gfJrrEbHdniCoSQ6brqsYXBM7wfov9SvCoQKGORMPnA
Private Key Length: 1704
node : FAILED: Google Sheets AP
I has not been used in project 
567465827468 before or it is di
sabled. Enable it by visiting h
ttps://console.developers.googl
e.com/apis/api/sheets.googleapi
s.com/overview?project=56746582
7468 then retry. If you enabled
 this API recently, wait a few 
minutes for the action to propa
gate to our systems and retry.
At line:1 char:1
+ node test-sheet.mjs > test-ou
tput.txt 2>&1
+ ~~~~~~~~~~~~~~~~~~~~~~~~~~~~~
~~~~~~~~~~~~~
    + CategoryInfo          :  
   NotSpecified: (FAILED: Goo  
  gle ...tems and retry.:Str   
 ing) [], RemoteException
    + FullyQualifiedErrorId :  
   NativeCommandError
 
Response data: {
  "error": {
    "code": 403,
    "message": "Google Sheets A
PI has not been used in project
 567465827468 before or it is d
isabled. Enable it by visiting 
https://console.developers.goog
le.com/apis/api/sheets.googleap
is.com/overview?project=5674658
27468 then retry. If you enable
d this API recently, wait a few
 minutes for the action to prop
agate to our systems and retry.
",
    "errors": [
      {
        "message": "Google Shee
ts API has not been used in pro
ject 567465827468 before or it 
is disabled. Enable it by visit
ing https://console.developers.
google.com/apis/api/sheets.goog
leapis.com/overview?project=567
465827468 then retry. If you en
abled this API recently, wait a
 few minutes for the action to 
propagate to our systems and re
try.",
        "domain": "usageLimits"
,
        "reason": "accessNotCon
figured",
        "extendedHelp": "https:
//console.developers.google.com
"
      }
    ],
    "status": "PERMISSION_DENIE
D",
    "details": [
      {
        "@type": "type.googleap
is.com/google.rpc.ErrorInfo",
        "reason": "SERVICE_DISA
BLED",
        "domain": "googleapis.c
om",
        "metadata": {
          "containerInfo": "567
465827468",
          "activationUrl": "htt
ps://console.developers.google.
com/apis/api/sheets.googleapis.
com/overview?project=5674658274
68",
          "service": "sheets.go
ogleapis.com",
          "serviceTitle": "Goog
le Sheets API",
          "consumer": "projects
/567465827468"
        }
      },
      {
        "@type": "type.googleap
is.com/google.rpc.LocalizedMess
age",
        "locale": "en-US",
        "message": "Google Shee
ts API has not been used in pro
ject 567465827468 before or it 
is disabled. Enable it by visit
ing https://console.developers.
google.com/apis/api/sheets.goog
leapis.com/overview?project=567
465827468 then retry. If you en
abled this API recently, wait a
 few minutes for the action to 
propagate to our systems and re
try."
      },
      {
        "@type": "type.googleap
is.com/google.rpc.Help",
        "links": [
          {
            "description": "Goo
gle developers console API acti
vation",
            "url": "https://con
sole.developers.google.com/apis
/api/sheets.googleapis.com/over
view?project=567465827468"
          }
        ]
      }
    ]
  }
}
